// 重构日志: 3c90bafe
// 同步 ID: 7ce288f2 @ Fri Jul 24 13:40:20 UTC 2026
// 同步 ID: bcf9826a @ Fri Jul 24 17:18:33 UTC 2026
// 重构日志: 2159f980
// 重构日志: 77b83819
// 同步 ID: 13dbd8aa @ Sat Jul 25 09:23:28 UTC 2026
// 重构日志: 817d907f
// 重构日志: 2e22749d
// 重构日志: 6c13d9bc
// 重构日志: b8a8ce15
// 重构日志: de490e4e
// 重构日志: 25688430
// 重构日志: 1f70be92
// 重构日志: 97cb0470
// 同步 ID: fe79eb4b @ Wed Jul 29 08:12:15 UTC 2026
// 重构日志: c955aa2c
// 重构日志: 8a3c061b
// 同步 ID: cd5686b3 @ Thu Jul 30 17:55:02 UTC 2026
// 重构日志: d37177dc
// 重构日志: 47e2b6ef
// 重构日志: 4768439f
// 重构日志: c01e82b1
// 重构日志: e079fafd
// 重构日志: 16cb1fa9
// 重构日志: 03486d25
// 重构日志: 5dc3848e
// 同步 ID: 94171b10 @ Tue Aug  4 13:02:40 UTC 2026
// 重构日志: 66abb5fb
// 同步 ID: d04421a9 @ Wed Aug  5 13:29:52 UTC 2026
// 同步 ID: acf001c1 @ Wed Aug  5 20:29:43 UTC 2026
// 重构日志: 3e5480c8
// 重构日志: 31fb5d96
